Missing atoms or failed protonation for ASN 139 A (AMD) -- please check the structure
Group (AMD) for   876-  CG   139-ASN (A) [  40.315    2.741   40.710] C
Expected 3 interaction atoms for acids, found:
               878- ND2   139-ASN (A) [  40.638    3.168   41.925] N
                 0- HD2   139-ASN (A) [  40.276    4.060   42.231] H
Expected 1 interaction atoms for bases, found:
               877- OD1   139-ASN (A) [  40.734    1.684   40.245] O
Missing atoms or failed protonation for ASN 192 A (AMD) -- please check the structure
Group (AMD) for  1289-  CG   192-ASN (A) [  56.202   -0.362   21.735] C
Expected 3 interaction atoms for acids, found:
              1291- ND2   192-ASN (A) [  56.538    0.634   20.924] N
                 0- HD2   192-ASN (A) [  55.981    1.476   20.941] H
Expected 1 interaction atoms for bases, found:
              1290- OD1   192-ASN (A) [  56.810   -1.427   21.773] O
Missing atoms or failed protonation for ASN 215 A (AMD) -- please check the structure
Group (AMD) for  1496-  CG   215-ASN (A) [  61.780   14.465   34.184] C
Expected 3 interaction atoms for acids, found:
              1498- ND2   215-ASN (A) [  62.546   13.571   34.818] N
                 0- HD2   215-ASN (A) [  62.183   13.114   35.643] H
Expected 1 interaction atoms for bases, found:
              1497- OD1   215-ASN (A) [  62.157   15.074   33.176] O
Missing atoms or failed protonation for ASN 139 B (AMD) -- please check the structure
Group (AMD) for  4018-  CG   139-ASN (B) [  39.101   71.027   40.732] C
Expected 3 interaction atoms for acids, found:
              4020- ND2   139-ASN (B) [  39.676   70.643   41.877] N
                 0- HD2   139-ASN (B) [  40.167   69.760   41.868] H
Expected 1 interaction atoms for bases, found:
              4019- OD1   139-ASN (B) [  38.457   72.073   40.628] O
Missing atoms or failed protonation for ASN 192 B (AMD) -- please check the structure
Group (AMD) for  4431-  CG   192-ASN (B) [  14.894   74.156   34.598] C
Expected 3 interaction atoms for acids, found:
              4433- ND2   192-ASN (B) [  14.083   73.184   34.167] N
                 0- HD2   192-ASN (B) [  14.499   72.304   33.897] H
Expected 1 interaction atoms for bases, found:
              4432- OD1   192-ASN (B) [  14.483   75.252   34.953] O
Missing atoms or failed protonation for ASN 215 B (AMD) -- please check the structure
Group (AMD) for  4638-  CG   215-ASN (B) [  17.716   59.395   47.956] C
Expected 3 interaction atoms for acids, found:
              4640- ND2   215-ASN (B) [  17.427   60.312   48.881] N
                 0- HD2   215-ASN (B) [  18.180   60.771   49.374] H
Expected 1 interaction atoms for bases, found:
              4639- OD1   215-ASN (B) [  16.842   58.784   47.324] O
Missing atoms or failed protonation for ASN 139 A (AMD) -- please check the structure
Group (AMD) for   876-  CG   139-ASN (A) [  40.315    2.741   40.710] C
Expected 3 interaction atoms for acids, found:
               878- ND2   139-ASN (A) [  40.638    3.168   41.925] N
                 0- HD2   139-ASN (A) [  40.276    4.060   42.231] H
Expected 1 interaction atoms for bases, found:
               877- OD1   139-ASN (A) [  40.734    1.684   40.245] O
Missing atoms or failed protonation for ASN 192 A (AMD) -- please check the structure
Group (AMD) for  1289-  CG   192-ASN (A) [  56.202   -0.362   21.735] C
Expected 3 interaction atoms for acids, found:
              1291- ND2   192-ASN (A) [  56.538    0.634   20.924] N
                 0- HD2   192-ASN (A) [  55.981    1.476   20.941] H
Expected 1 interaction atoms for bases, found:
              1290- OD1   192-ASN (A) [  56.810   -1.427   21.773] O
Missing atoms or failed protonation for ASN 215 A (AMD) -- please check the structure
Group (AMD) for  1496-  CG   215-ASN (A) [  61.780   14.465   34.184] C
Expected 3 interaction atoms for acids, found:
              1498- ND2   215-ASN (A) [  62.546   13.571   34.818] N
                 0- HD2   215-ASN (A) [  62.183   13.114   35.643] H
Expected 1 interaction atoms for bases, found:
              1497- OD1   215-ASN (A) [  62.157   15.074   33.176] O
Missing atoms or failed protonation for ASN 139 B (AMD) -- please check the structure
Group (AMD) for  4018-  CG   139-ASN (B) [  39.101   71.027   40.732] C
Expected 3 interaction atoms for acids, found:
              4020- ND2   139-ASN (B) [  39.676   70.643   41.877] N
                 0- HD2   139-ASN (B) [  40.167   69.760   41.868] H
Expected 1 interaction atoms for bases, found:
              4019- OD1   139-ASN (B) [  38.457   72.073   40.628] O
Missing atoms or failed protonation for ASN 192 B (AMD) -- please check the structure
Group (AMD) for  4431-  CG   192-ASN (B) [  14.894   74.156   34.598] C
Expected 3 interaction atoms for acids, found:
              4433- ND2   192-ASN (B) [  14.083   73.184   34.167] N
                 0- HD2   192-ASN (B) [  14.499   72.304   33.897] H
Expected 1 interaction atoms for bases, found:
              4432- OD1   192-ASN (B) [  14.483   75.252   34.953] O
Missing atoms or failed protonation for ASN 215 B (AMD) -- please check the structure
Group (AMD) for  4638-  CG   215-ASN (B) [  17.716   59.395   47.956] C
Expected 3 interaction atoms for acids, found:
              4640- ND2   215-ASN (B) [  17.427   60.312   48.881] N
                 0- HD2   215-ASN (B) [  18.180   60.771   49.374] H
Expected 1 interaction atoms for bases, found:
              4639- OD1   215-ASN (B) [  16.842   58.784   47.324] O
